// Jest Snapshot v1, https://goo.gl/fbAQLP

exports[`APP component Matches the snapshot 1`] = `
"<GlobalStyle />
  <MainWrapper>
  <Title>
    Trividado
  </Title>
  <Switch>
    <Route exact path=\\"/\\" component={Welcome} />
    <Route path=\\"/trivial\\" render={props => <Questions {...props} questions={questions} />} />
  </Switch>
</MainWrapper>"
`;
